Microsoft Windows [Version 10.0.26100.4061]
(c) Microsoft Corporation. All rights reserved.

C:\Windows\System32>wsl --update
Checking for updates.
The most recent version of Windows Subsystem for Linux is already installed.

C:\Windows\System32>wsl --update
Checking for updates.
The most recent version of Windows Subsystem for Linux is already installed.

C:\Windows\System32>wsl.exe --update
Checking for updates.
The most recent version of Windows Subsystem for Linux is already installed.

C:\Windows\System32>docker version
Client:
 Version:           28.1.1
 API version:       1.49
 Go version:        go1.23.8
 Git commit:        4eba377
 Built:             Fri Apr 18 09:53:24 2025
 OS/Arch:           windows/amd64
 Context:           desktop-linux

Server: Docker Desktop 4.41.2 (191736)
 Engine:
  Version:          28.1.1
  API version:      1.49 (minimum version 1.24)
  Go version:       go1.23.8
  Git commit:       01f442b
  Built:            Fri Apr 18 09:52:57 2025
  OS/Arch:          linux/amd64
  Experimental:     false
 containerd:
  Version:          1.7.27
  GitCommit:        05044ec0a9a75232cad458027ca83437aae3f4da
 runc:
  Version:          1.2.5
  GitCommit:        v1.2.5-0-g59923ef
 docker-init:
  Version:          0.19.0
  GitCommit:        de40ad0

C:\Windows\System32>docker images
REPOSITORY   TAG       IMAGE ID   CREATED   SIZE

C:\Windows\System32>docker pull ubuntu
Using default tag: latest
latest: Pulling from library/ubuntu
0622fac788ed: Pull complete
Digest: sha256:6015f66923d7afbc53558d7ccffd325d43b4e249f41a6e93eef074c9505d2233
Status: Downloaded newer image for ubuntu:latest
docker.io/library/ubuntu:latest

C:\Windows\System32>docker images
REPOSITORY   TAG       IMAGE ID       CREATED       SIZE
ubuntu       latest    6015f66923d7   3 weeks ago   117MB

C:\Windows\System32>docker ps
CONTAINER ID   IMAGE     COMMAND   CREATED   STATUS    PORTS     NAMES

C:\Windows\System32>docker login
Authenticating with existing credentials... [Username: surajkiswe]

i Info → To login with a different account, run 'docker logout' followed by 'docker login'


Login Succeeded

C:\Windows\System32>docker logout
Removing login credentials for https://index.docker.io/v1/
2025/05/23 12:12:30 notifying Desktop of credentials store update: getting credential helper update: no token found in credential manager for 'index.docker.io'

C:\Windows\System32>docker login

USING WEB-BASED LOGIN

i Info → To sign in with credentials on the command line, use 'docker login -u <username>'


Your one-time device confirmation code is: RMGR-PFSL
Press ENTER to open your browser or submit your device code here: https://login.docker.com/activate

Waiting for authentication in the browser…
Login Succeeded

C:\Windows\System32>docker pull redis
Using default tag: latest
latest: Pulling from library/redis
93cd3c5153ab: Pull complete
f8f9e5369fdd: Pull complete
eb61abf5b105: Pull complete
b8f8315b617a: Pull complete
03bc4ee78aa8: Pull complete
61320b01ae5e: Pull complete
4f4fb700ef54: Pull complete
Digest: sha256:b3ad79880c88e302deb5e0fed6cee3e90c0031eb90cd936b01ef2f83ff5b3ff2
Status: Downloaded newer image for redis:latest
docker.io/library/redis:latest

C:\Windows\System32>




Windows PowerShell
Copyright (C) Microsoft Corporation. All rights reserved.

Install the latest PowerShell for new features and improvements! https://aka.ms/PSWindows

PS C:\Users\bhush> docker ps -a
CONTAINER ID   IMAGE     COMMAND                  CREATED         STATUS         PORTS      NAMES
de6b4ce08d6d   redis     "docker-entrypoint.s…"   7 minutes ago   Up 7 minutes   6379/tcp   peaceful_jones
PS C:\Users\bhush> docker images
REPOSITORY   TAG       IMAGE ID       CREATED       SIZE
redis        latest    b3ad79880c88   9 days ago    188MB
ubuntu       latest    6015f66923d7   3 weeks ago   117MB
PS C:\Users\bhush> docker pull ubuntu
Using default tag: latest
latest: Pulling from library/ubuntu
Digest: sha256:6015f66923d7afbc53558d7ccffd325d43b4e249f41a6e93eef074c9505d2233
Status: Image is up to date for ubuntu:latest
docker.io/library/ubuntu:latest
PS C:\Users\bhush> docker run ubuntu
PS C:\Users\bhush> docker ps
CONTAINER ID   IMAGE     COMMAND                  CREATED          STATUS          PORTS      NAMES
de6b4ce08d6d   redis     "docker-entrypoint.s…"   28 minutes ago   Up 28 minutes   6379/tcp   peaceful_jones
PS C:\Users\bhush> docker ps -a
CONTAINER ID   IMAGE     COMMAND                  CREATED          STATUS                      PORTS      NAMES
ff03c7e49cbd   ubuntu    "/bin/bash"              15 minutes ago   Exited (0) 15 minutes ago              sad_pare
de6b4ce08d6d   redis     "docker-entrypoint.s…"   29 minutes ago   Up 29 minutes               6379/tcp   peaceful_jones
PS C:\Users\bhush> docker start ff03c7e49cbd
ff03c7e49cbd
PS C:\Users\bhush> docker stop redis
Error response from daemon: No such container: redis
PS C:\Users\bhush> docker stop de6b4ce08d6d
de6b4ce08d6d
PS C:\Users\bhush> docker rmi redis
Error response from daemon: conflict: unable to delete redis:latest (must be forced) - container de6b4ce08d6d is using its referenced image b3ad79880c88
PS C:\Users\bhush> docker rmi -f redis
Untagged: redis:latest
PS C:\Users\bhush> docker ps
CONTAINER ID   IMAGE     COMMAND   CREATED   STATUS    PORTS     NAMES
PS C:\Users\bhush> docker ps -a
CONTAINER ID   IMAGE          COMMAND                  CREATED          STATUS                          PORTS     NAMES
ff03c7e49cbd   ubuntu         "/bin/bash"              18 minutes ago   Exited (0) 2 minutes ago                  sad_pare
de6b4ce08d6d   b3ad79880c88   "docker-entrypoint.s…"   31 minutes ago   Exited (0) About a minute ago             peaceful_jones
PS C:\Users\bhush> docker rmi -f de6b4ce08d6d
Error response from daemon: No such image: de6b4ce08d6d:latest
PS C:\Users\bhush> docker images
REPOSITORY   TAG       IMAGE ID       CREATED       SIZE
<none>       <none>    b3ad79880c88   9 days ago    188MB
ubuntu       latest    6015f66923d7   3 weeks ago   117MB
PS C:\Users\bhush> docker ps -a
CONTAINER ID   IMAGE          COMMAND                  CREATED          STATUS                     PORTS     NAMES
ff03c7e49cbd   ubuntu         "/bin/bash"              20 minutes ago   Exited (0) 3 minutes ago             sad_pare
de6b4ce08d6d   b3ad79880c88   "docker-entrypoint.s…"   33 minutes ago   Exited (0) 2 minutes ago             peaceful_jones
PS C:\Users\bhush>


Windows PowerShell
Copyright (C) Microsoft Corporation. All rights reserved.

Install the latest PowerShell for new features and improvements! https://aka.ms/PSWindows

PS C:\Users\bhush> docker ps -a
CONTAINER ID   IMAGE     COMMAND                  CREATED         STATUS         PORTS      NAMES
de6b4ce08d6d   redis     "docker-entrypoint.s…"   7 minutes ago   Up 7 minutes   6379/tcp   peaceful_jones
PS C:\Users\bhush> docker images
REPOSITORY   TAG       IMAGE ID       CREATED       SIZE
redis        latest    b3ad79880c88   9 days ago    188MB
ubuntu       latest    6015f66923d7   3 weeks ago   117MB
PS C:\Users\bhush> docker pull ubuntu
Using default tag: latest
latest: Pulling from library/ubuntu
Digest: sha256:6015f66923d7afbc53558d7ccffd325d43b4e249f41a6e93eef074c9505d2233
Status: Image is up to date for ubuntu:latest
docker.io/library/ubuntu:latest
PS C:\Users\bhush> docker run ubuntu
PS C:\Users\bhush> docker ps
CONTAINER ID   IMAGE     COMMAND                  CREATED          STATUS          PORTS      NAMES
de6b4ce08d6d   redis     "docker-entrypoint.s…"   28 minutes ago   Up 28 minutes   6379/tcp   peaceful_jones
PS C:\Users\bhush> docker ps -a
CONTAINER ID   IMAGE     COMMAND                  CREATED          STATUS                      PORTS      NAMES
ff03c7e49cbd   ubuntu    "/bin/bash"              15 minutes ago   Exited (0) 15 minutes ago              sad_pare
de6b4ce08d6d   redis     "docker-entrypoint.s…"   29 minutes ago   Up 29 minutes               6379/tcp   peaceful_jones
PS C:\Users\bhush> docker start ff03c7e49cbd
ff03c7e49cbd
PS C:\Users\bhush> docker stop redis
Error response from daemon: No such container: redis
PS C:\Users\bhush> docker stop de6b4ce08d6d
de6b4ce08d6d
PS C:\Users\bhush> docker rmi redis
Error response from daemon: conflict: unable to delete redis:latest (must be forced) - container de6b4ce08d6d is using its referenced image b3ad79880c88
PS C:\Users\bhush> docker rmi -f redis
Untagged: redis:latest
PS C:\Users\bhush> docker ps
CONTAINER ID   IMAGE     COMMAND   CREATED   STATUS    PORTS     NAMES
PS C:\Users\bhush> docker ps -a
CONTAINER ID   IMAGE          COMMAND                  CREATED          STATUS                          PORTS     NAMES
ff03c7e49cbd   ubuntu         "/bin/bash"              18 minutes ago   Exited (0) 2 minutes ago                  sad_pare
de6b4ce08d6d   b3ad79880c88   "docker-entrypoint.s…"   31 minutes ago   Exited (0) About a minute ago             peaceful_jones
PS C:\Users\bhush> docker rmi -f de6b4ce08d6d
Error response from daemon: No such image: de6b4ce08d6d:latest
PS C:\Users\bhush> docker images
REPOSITORY   TAG       IMAGE ID       CREATED       SIZE
<none>       <none>    b3ad79880c88   9 days ago    188MB
ubuntu       latest    6015f66923d7   3 weeks ago   117MB
PS C:\Users\bhush> docker ps -a
CONTAINER ID   IMAGE          COMMAND                  CREATED          STATUS                     PORTS     NAMES
ff03c7e49cbd   ubuntu         "/bin/bash"              20 minutes ago   Exited (0) 3 minutes ago             sad_pare
de6b4ce08d6d   b3ad79880c88   "docker-entrypoint.s…"   33 minutes ago   Exited (0) 2 minutes ago             peaceful_jones
PS C:\Users\bhush>